  console.log
    Using In-Memory SQLite Database (Test)

      at Object.log (server/models/database.js:13:11)

  console.log
    [Polling] Appointments updated at 1765576901518

      at log (server/config/polling.js:10:17)

  console.log
    [Polling] Appointments updated at 1765576901541

      at log (server/config/polling.js:10:17)

npx : FAIL tests/public.test.js
Au caractère Ligne:1 : 1
+ npx jest tests/public.test.js > 
test_output.txt 2>&1
+ ~~~~~~~~~~~~~~~~~~~~~~~~~~~~~~~~~~~~
~~~~~~~~~~~~~~~~
    + CategoryInfo          : NotSpec 
   ified: (FAIL tests/public.test.js  
  :String) [], RemoteException
    + FullyQualifiedErrorId : NativeC 
   ommandError
 
  Public Interface Tests
    ├ù US-1.1: Should return home 
content (45 ms)
    ÔêÜ US-1.2: Should return list of 
services (11 ms)
    ├ù US-1.3: Should return opening 
hours (13 ms)
    ├ù US-1.4: Should return slots 
for a given date (16 ms)
    ├ù US-1.6: Should create a 
booking (51 ms)
    ├ù US-1.5: Should prevent booking 
taken slot (15 ms)

  ÔùÅ Public Interface Tests ÔÇ║ 
US-1.1: Should return home content

    
expect(received).toHaveProperty(path)

    Expected path: "title"
    Received path: []

    Received value: {}

    [0m [90m 14 |[39m         expec
t(res[33m.[39mstatusCode)[33m.[39m
toBe([35m200[39m)[33m;[39m
     [90m 15 |[39m         expect(re
s[33m.[39mbody)[33m.[39mtoHaveProp
erty([32m'home_content'[39m)[33m;[
39m
    [31m[1m>[22m[39m[90m 16 
|[39m         expect(res[33m.[39mbo
dy[33m.[39mhome_content)[33m.[39mt
oHaveProperty([32m'title'[39m)[33m;
[39m
     [90m    |[39m                  
                     
[31m[1m^[22m[39m
     [90m 17 |[39m     })[33m;[39m
     [90m 18 |[39m
     [90m 19 |[39m     [90m// 
US-1.2: Discovery - Services[39m[0m

      at Object.toHaveProperty 
(tests/public.test.js:16:39)

  ÔùÅ Public Interface Tests ÔÇ║ 
US-1.3: Should return opening hours

    expect(received).toBe(expected) 
// Object.is equality

    Expected: true
    Received: false

    [0m [90m 28 |[39m         
[36mconst[39m res [33m=[39m 
[36mawait[39m request(app)[33m.[39
m[36mget[39m([32m'/api/settings'[3
9m)[33m;[39m
     [90m 29 |[39m         expect(re
s[33m.[39mstatusCode)[33m.[39mtoBe
([35m200[39m)[33m;[39m
    [31m[1m>[22m[39m[90m 30 
|[39m         expect([33mArray[39m
[33m.[39misArray(res[33m.[39mbody[
33m.[39mopeningHours))[33m.[39mtoBe
([36mtrue[39m)[33m;[39m
     [90m    |[39m                  
                                    
[31m[1m^[22m[39m
     [90m 31 |[39m     })[33m;[39m
     [90m 32 |[39m
     [90m 33 |[39m     [90m// 
US-1.4: Booking - Slots[39m[0m

      at Object.toBe 
(tests/public.test.js:30:54)

  ÔùÅ Public Interface Tests ÔÇ║ 
US-1.4: Should return slots for a 
given date

    expect(received).toBe(expected) 
// Object.is equality

    Expected: true
    Received: false

    [0m [90m 36 |[39m         
[36mconst[39m res [33m=[39m 
[36mawait[39m request(app)[33m.[39
m[36mget[39m([32m`/api/slots?date=$
{date}`[39m)[33m;[39m
     [90m 37 |[39m         expect(re
s[33m.[39mstatusCode)[33m.[39mtoBe
([35m200[39m)[33m;[39m
    [31m[1m>[22m[39m[90m 38 
|[39m         expect([33mArray[39m
[33m.[39misArray(res[33m.[39mbody[
33m.[39mmorning))[33m.[39mtoBe([36
mtrue[39m)[33m;[39m
     [90m    |[39m                  
                               
[31m[1m^[22m[39m
     [90m 39 |[39m         expect([
33mArray[39m[33m.[39misArray(res[3
3m.[39mbody[33m.[39mafternoon))[33
m.[39mtoBe([36mtrue[39m)[33m;[39m
     [90m 40 |[39m     })[33m;[39m
     [90m 41 |[39m[0m

      at Object.toBe 
(tests/public.test.js:38:49)

  ÔùÅ Public Interface Tests ÔÇ║ 
US-1.6: Should create a booking

    
expect(received).toHaveProperty(path)

    Expected path: "bookingId"
    Received path: []

    Received value: {"id": 1, 
"success": true}

    [0m [90m 53 |[39m         expec
t(res[33m.[39mstatusCode)[33m.[39m
toBe([35m200[39m)[33m;[39m
     [90m 54 |[39m         expect(re
s[33m.[39mbody[33m.[39msuccess)[3
3m.[39mtoBe([36mtrue[39m)[33m;[39
m
    [31m[1m>[22m[39m[90m 55 
|[39m         expect(res[33m.[39mbo
dy)[33m.[39mtoHaveProperty([32m'boo
kingId'[39m)[33m;[39m
     [90m    |[39m                  
        [31m[1m^[22m[39m
     [90m 56 |[39m     })[33m;[39m
     [90m 57 |[39m
     [90m 58 |[39m     [90m// 
US-1.5: Booking - Prevent 
Duplicate[39m[0m

      at Object.toHaveProperty 
(tests/public.test.js:55:26)

  ÔùÅ Public Interface Tests ÔÇ║ 
US-1.5: Should prevent booking taken 
slot

    expect(received).toBe(expected) 
// Object.is equality

    Expected: 400
    Received: 200

    [0m [90m 67 |[39m
     [90m 68 |[39m         
[36mconst[39m res [33m=[39m 
[36mawait[39m request(app)[33m.[39
mpost([32m'/api/book'[39m)[33m.[39
msend(bookingData)[33m;[39m
    [31m[1m>[22m[39m[90m 69 
|[39m         expect(res[33m.[39mst
atusCode)[33m.[39mtoBe([35m400[39m
)[33m;[39m [90m// Or 409, 
depending on implementation[39m
     [90m    |[39m                  
              [31m[1m^[22m[39m
     [90m 70 |[39m         expect(re
s[33m.[39mbody[33m.[39msuccess)[3
3m.[39mtoBe([36mfalse[39m)[33m;[3
9m
     [90m 71 |[39m     })[33m;[39m
     [90m 72 |[39m[0m

      at Object.toBe 
(tests/public.test.js:69:32)

Test Suites: 1 failed, 1 total
Tests:       5 failed, 1 passed, 6 
total
Snapshots:   0 total
Time:        2.548 s, estimated 3 s
Ran all test suites matching 
tests/public.test.js.
